[0.282s] DEBUG:colcon:Command line arguments: ['/usr/bin/colcon', 'build', '--packages-select', 'ros_humans_ros2']
[0.282s] DEBUG:colcon:Parsed command line arguments: Namespace(log_base=None, log_level=None, verb_name='build', build_base='build', install_base='install', merge_install=False, symlink_install=False, test_result_base=None, continue_on_error=False, executor='parallel', parallel_workers=12, event_handlers=None, ignore_user_meta=False, metas=['./colcon.meta'], base_paths=['.'], packages_ignore=None, packages_ignore_regex=None, paths=None, packages_up_to=None, packages_up_to_regex=None, packages_above=None, packages_above_and_dependencies=None, packages_above_depth=None, packages_select_by_dep=None, packages_skip_by_dep=None, packages_skip_up_to=None, packages_select_build_failed=False, packages_skip_build_finished=False, packages_select_test_failures=False, packages_skip_test_passed=False, packages_select=['ros_humans_ros2'], packages_skip=None, packages_select_regex=None, packages_skip_regex=None, packages_start=None, packages_end=None, allow_overriding=[], cmake_args=None, cmake_target=None, cmake_target_skip_unavailable=False, cmake_clean_cache=False, cmake_clean_first=False, cmake_force_configure=False, ament_cmake_args=None, catkin_cmake_args=None, catkin_skip_building_tests=False, mixin_files=None, mixin=None, verb_parser=<colcon_mixin.mixin.mixin_argument.MixinArgumentDecorator object at 0x7e7c7098e540>, verb_extension=<colcon_core.verb.build.BuildVerb object at 0x7e7c70ab69f0>, main=<bound method BuildVerb.main of <colcon_core.verb.build.BuildVerb object at 0x7e7c70ab69f0>>, mixin_verb=('build',))
[0.344s] Level 1:colcon.colcon_core.package_discovery:discover_packages(colcon_meta) check parameters
[0.344s] Level 1:colcon.colcon_core.package_discovery:discover_packages(recursive) check parameters
[0.344s] Level 1:colcon.colcon_core.package_discovery:discover_packages(ignore) check parameters
[0.344s] Level 1:colcon.colcon_core.package_discovery:discover_packages(path) check parameters
[0.344s] Level 1:colcon.colcon_core.package_discovery:discover_packages(colcon_meta) discover
[0.344s] Level 1:colcon.colcon_core.package_discovery:discover_packages(recursive) discover
[0.345s] INFO:colcon.colcon_core.package_discovery:Crawling recursively for packages in '/home/sangam/Documents/Acad/sem-4/IRPP/PROJ'
[0.345s] Level 1:colcon.colcon_core.package_identification:_identify(.) by extensions ['ignore', 'ignore_ament_install']
[0.345s] Level 1:colcon.colcon_core.package_identification:_identify(.) by extension 'ignore'
[0.345s] Level 1:colcon.colcon_core.package_identification:_identify(.) by extension 'ignore_ament_install'
[0.345s] Level 1:colcon.colcon_core.package_identification:_identify(.) by extensions ['colcon_pkg']
[0.345s] Level 1:colcon.colcon_core.package_identification:_identify(.) by extension 'colcon_pkg'
[0.345s] Level 1:colcon.colcon_core.package_identification:_identify(.) by extensions ['colcon_meta']
[0.345s] Level 1:colcon.colcon_core.package_identification:_identify(.) by extension 'colcon_meta'
[0.345s] Level 1:colcon.colcon_core.package_identification:_identify(.) by extensions ['ros']
[0.345s] Level 1:colcon.colcon_core.package_identification:_identify(.) by extension 'ros'
[0.383s] Level 1:colcon.colcon_core.package_identification:_identify(.) by extensions ['cmake', 'python']
[0.383s] Level 1:colcon.colcon_core.package_identification:_identify(.) by extension 'cmake'
[0.383s] Level 1:colcon.colcon_core.package_identification:_identify(.) by extension 'python'
[0.383s] Level 1:colcon.colcon_core.package_identification:_identify(.) by extensions ['python_setup_py']
[0.383s] Level 1:colcon.colcon_core.package_identification:_identify(.) by extension 'python_setup_py'
[0.383s] Level 1:colcon.colcon_core.package_identification:_identify(build) by extensions ['ignore', 'ignore_ament_install']
[0.383s] Level 1:colcon.colcon_core.package_identification:_identify(build) by extension 'ignore'
[0.383s] Level 1:colcon.colcon_core.package_identification:_identify(build) ignored
[0.383s] Level 1:colcon.colcon_core.package_identification:_identify(install) by extensions ['ignore', 'ignore_ament_install']
[0.384s] Level 1:colcon.colcon_core.package_identification:_identify(install) by extension 'ignore'
[0.384s] Level 1:colcon.colcon_core.package_identification:_identify(install) ignored
[0.384s] Level 1:colcon.colcon_core.package_identification:_identify(log) by extensions ['ignore', 'ignore_ament_install']
[0.384s] Level 1:colcon.colcon_core.package_identification:_identify(log) by extension 'ignore'
[0.384s] Level 1:colcon.colcon_core.package_identification:_identify(log) ignored
[0.384s] Level 1:colcon.colcon_core.package_identification:_identify(scan_project) by extensions ['ignore', 'ignore_ament_install']
[0.384s] Level 1:colcon.colcon_core.package_identification:_identify(scan_project) by extension 'ignore'
[0.384s] Level 1:colcon.colcon_core.package_identification:_identify(scan_project) by extension 'ignore_ament_install'
[0.384s] Level 1:colcon.colcon_core.package_identification:_identify(scan_project) by extensions ['colcon_pkg']
[0.384s] Level 1:colcon.colcon_core.package_identification:_identify(scan_project) by extension 'colcon_pkg'
[0.384s] Level 1:colcon.colcon_core.package_identification:_identify(scan_project) by extensions ['colcon_meta']
[0.384s] Level 1:colcon.colcon_core.package_identification:_identify(scan_project) by extension 'colcon_meta'
[0.384s] Level 1:colcon.colcon_core.package_identification:_identify(scan_project) by extensions ['ros']
[0.385s] Level 1:colcon.colcon_core.package_identification:_identify(scan_project) by extension 'ros'
[0.385s] Level 1:colcon.colcon_core.package_identification:_identify(scan_project) by extensions ['cmake', 'python']
[0.385s] Level 1:colcon.colcon_core.package_identification:_identify(scan_project) by extension 'cmake'
[0.385s] Level 1:colcon.colcon_core.package_identification:_identify(scan_project) by extension 'python'
[0.385s] Level 1:colcon.colcon_core.package_identification:_identify(scan_project) by extensions ['python_setup_py']
[0.385s] Level 1:colcon.colcon_core.package_identification:_identify(scan_project) by extension 'python_setup_py'
[0.385s] Level 1:colcon.colcon_core.package_identification:_identify(scan_project/gazebo_worlds) by extensions ['ignore', 'ignore_ament_install']
[0.385s] Level 1:colcon.colcon_core.package_identification:_identify(scan_project/gazebo_worlds) by extension 'ignore'
[0.385s] Level 1:colcon.colcon_core.package_identification:_identify(scan_project/gazebo_worlds) by extension 'ignore_ament_install'
[0.385s] Level 1:colcon.colcon_core.package_identification:_identify(scan_project/gazebo_worlds) by extensions ['colcon_pkg']
[0.385s] Level 1:colcon.colcon_core.package_identification:_identify(scan_project/gazebo_worlds) by extension 'colcon_pkg'
[0.385s] Level 1:colcon.colcon_core.package_identification:_identify(scan_project/gazebo_worlds) by extensions ['colcon_meta']
[0.385s] Level 1:colcon.colcon_core.package_identification:_identify(scan_project/gazebo_worlds) by extension 'colcon_meta'
[0.385s] Level 1:colcon.colcon_core.package_identification:_identify(scan_project/gazebo_worlds) by extensions ['ros']
[0.385s] Level 1:colcon.colcon_core.package_identification:_identify(scan_project/gazebo_worlds) by extension 'ros'
[0.386s] Level 1:colcon.colcon_core.package_identification:_identify(scan_project/gazebo_worlds) by extensions ['cmake', 'python']
[0.386s] Level 1:colcon.colcon_core.package_identification:_identify(scan_project/gazebo_worlds) by extension 'cmake'
[0.386s] Level 1:colcon.colcon_core.package_identification:_identify(scan_project/gazebo_worlds) by extension 'python'
[0.386s] Level 1:colcon.colcon_core.package_identification:_identify(scan_project/gazebo_worlds) by extensions ['python_setup_py']
[0.386s] Level 1:colcon.colcon_core.package_identification:_identify(scan_project/gazebo_worlds) by extension 'python_setup_py'
[0.386s] Level 1:colcon.colcon_core.package_identification:_identify(scan_project/human_models) by extensions ['ignore', 'ignore_ament_install']
[0.386s] Level 1:colcon.colcon_core.package_identification:_identify(scan_project/human_models) by extension 'ignore'
[0.386s] Level 1:colcon.colcon_core.package_identification:_identify(scan_project/human_models) by extension 'ignore_ament_install'
[0.386s] Level 1:colcon.colcon_core.package_identification:_identify(scan_project/human_models) by extensions ['colcon_pkg']
[0.386s] Level 1:colcon.colcon_core.package_identification:_identify(scan_project/human_models) by extension 'colcon_pkg'
[0.386s] Level 1:colcon.colcon_core.package_identification:_identify(scan_project/human_models) by extensions ['colcon_meta']
[0.386s] Level 1:colcon.colcon_core.package_identification:_identify(scan_project/human_models) by extension 'colcon_meta'
[0.386s] Level 1:colcon.colcon_core.package_identification:_identify(scan_project/human_models) by extensions ['ros']
[0.386s] Level 1:colcon.colcon_core.package_identification:_identify(scan_project/human_models) by extension 'ros'
[0.387s] Level 1:colcon.colcon_core.package_identification:_identify(scan_project/human_models) by extensions ['cmake', 'python']
[0.387s] Level 1:colcon.colcon_core.package_identification:_identify(scan_project/human_models) by extension 'cmake'
[0.387s] Level 1:colcon.colcon_core.package_identification:_identify(scan_project/human_models) by extension 'python'
[0.387s] Level 1:colcon.colcon_core.package_identification:_identify(scan_project/human_models) by extensions ['python_setup_py']
[0.387s] Level 1:colcon.colcon_core.package_identification:_identify(scan_project/human_models) by extension 'python_setup_py'
[0.387s] Level 1:colcon.colcon_core.package_identification:_identify(scan_project/human_models/ros_humans) by extensions ['ignore', 'ignore_ament_install']
[0.387s] Level 1:colcon.colcon_core.package_identification:_identify(scan_project/human_models/ros_humans) by extension 'ignore'
[0.387s] Level 1:colcon.colcon_core.package_identification:_identify(scan_project/human_models/ros_humans) by extension 'ignore_ament_install'
[0.387s] Level 1:colcon.colcon_core.package_identification:_identify(scan_project/human_models/ros_humans) by extensions ['colcon_pkg']
[0.387s] Level 1:colcon.colcon_core.package_identification:_identify(scan_project/human_models/ros_humans) by extension 'colcon_pkg'
[0.387s] Level 1:colcon.colcon_core.package_identification:_identify(scan_project/human_models/ros_humans) by extensions ['colcon_meta']
[0.387s] Level 1:colcon.colcon_core.package_identification:_identify(scan_project/human_models/ros_humans) by extension 'colcon_meta'
[0.387s] Level 1:colcon.colcon_core.package_identification:_identify(scan_project/human_models/ros_humans) by extensions ['ros']
[0.387s] Level 1:colcon.colcon_core.package_identification:_identify(scan_project/human_models/ros_humans) by extension 'ros'
[0.394s] DEBUG:colcon.colcon_core.package_identification:Package 'scan_project/human_models/ros_humans' with type 'ros.catkin' and name 'ros_humans'
[0.394s] Level 1:colcon.colcon_core.package_identification:_identify(scan_project/human_models/ros_humans_ros2) by extensions ['ignore', 'ignore_ament_install']
[0.394s] Level 1:colcon.colcon_core.package_identification:_identify(scan_project/human_models/ros_humans_ros2) by extension 'ignore'
[0.394s] Level 1:colcon.colcon_core.package_identification:_identify(scan_project/human_models/ros_humans_ros2) by extension 'ignore_ament_install'
[0.394s] Level 1:colcon.colcon_core.package_identification:_identify(scan_project/human_models/ros_humans_ros2) by extensions ['colcon_pkg']
[0.394s] Level 1:colcon.colcon_core.package_identification:_identify(scan_project/human_models/ros_humans_ros2) by extension 'colcon_pkg'
[0.394s] Level 1:colcon.colcon_core.package_identification:_identify(scan_project/human_models/ros_humans_ros2) by extensions ['colcon_meta']
[0.395s] Level 1:colcon.colcon_core.package_identification:_identify(scan_project/human_models/ros_humans_ros2) by extension 'colcon_meta'
[0.395s] Level 1:colcon.colcon_core.package_identification:_identify(scan_project/human_models/ros_humans_ros2) by extensions ['ros']
[0.395s] Level 1:colcon.colcon_core.package_identification:_identify(scan_project/human_models/ros_humans_ros2) by extension 'ros'
[0.396s] DEBUG:colcon.colcon_core.package_identification:Package 'scan_project/human_models/ros_humans_ros2' with type 'ros.ament_python' and name 'ros_humans_ros2'
[0.396s] Level 1:colcon.colcon_core.package_discovery:discover_packages(recursive) using defaults
[0.396s] Level 1:colcon.colcon_core.package_discovery:discover_packages(ignore) discover
[0.396s] Level 1:colcon.colcon_core.package_discovery:discover_packages(ignore) using defaults
[0.396s] Level 1:colcon.colcon_core.package_discovery:discover_packages(path) discover
[0.396s] Level 1:colcon.colcon_core.package_discovery:discover_packages(path) using defaults
[0.425s] INFO:colcon.colcon_core.package_selection:Skipping not selected package 'ros_humans' in 'scan_project/human_models/ros_humans'
[0.426s] Level 1:colcon.colcon_core.package_discovery:discover_packages(prefix_path) check parameters
[0.426s] Level 1:colcon.colcon_core.package_discovery:discover_packages(prefix_path) discover
[0.430s] DEBUG:colcon.colcon_installed_package_information.package_discovery:Found 390 installed packages in /opt/ros/jazzy
[0.432s] Level 1:colcon.colcon_core.package_discovery:discover_packages(prefix_path) using defaults
[0.486s] Level 5:colcon.colcon_core.verb:set package 'ros_humans_ros2' build argument 'cmake_args' from command line to 'None'
[0.486s] Level 5:colcon.colcon_core.verb:set package 'ros_humans_ros2' build argument 'cmake_target' from command line to 'None'
[0.486s] Level 5:colcon.colcon_core.verb:set package 'ros_humans_ros2' build argument 'cmake_target_skip_unavailable' from command line to 'False'
[0.486s] Level 5:colcon.colcon_core.verb:set package 'ros_humans_ros2' build argument 'cmake_clean_cache' from command line to 'False'
[0.486s] Level 5:colcon.colcon_core.verb:set package 'ros_humans_ros2' build argument 'cmake_clean_first' from command line to 'False'
[0.486s] Level 5:colcon.colcon_core.verb:set package 'ros_humans_ros2' build argument 'cmake_force_configure' from command line to 'False'
[0.486s] Level 5:colcon.colcon_core.verb:set package 'ros_humans_ros2' build argument 'ament_cmake_args' from command line to 'None'
[0.486s] Level 5:colcon.colcon_core.verb:set package 'ros_humans_ros2' build argument 'catkin_cmake_args' from command line to 'None'
[0.486s] Level 5:colcon.colcon_core.verb:set package 'ros_humans_ros2' build argument 'catkin_skip_building_tests' from command line to 'False'
[0.486s] DEBUG:colcon.colcon_core.verb:Building package 'ros_humans_ros2' with the following arguments: {'ament_cmake_args': None, 'build_base': '/home/sangam/Documents/Acad/sem-4/IRPP/PROJ/build/ros_humans_ros2', 'catkin_cmake_args': None, 'catkin_skip_building_tests': False, 'cmake_args': None, 'cmake_clean_cache': False, 'cmake_clean_first': False, 'cmake_force_configure': False, 'cmake_target': None, 'cmake_target_skip_unavailable': False, 'install_base': '/home/sangam/Documents/Acad/sem-4/IRPP/PROJ/install/ros_humans_ros2', 'merge_install': False, 'path': '/home/sangam/Documents/Acad/sem-4/IRPP/PROJ/scan_project/human_models/ros_humans_ros2', 'symlink_install': False, 'test_result_base': None}
[0.487s] INFO:colcon.colcon_core.executor:Executing jobs using 'parallel' executor
[0.488s] DEBUG:colcon.colcon_parallel_executor.executor.parallel:run_until_complete
[0.488s] INFO:colcon.colcon_ros.task.ament_python.build:Building ROS package in '/home/sangam/Documents/Acad/sem-4/IRPP/PROJ/scan_project/human_models/ros_humans_ros2' with build type 'ament_python'
[0.488s] Level 1:colcon.colcon_core.shell:create_environment_hook('ros_humans_ros2', 'ament_prefix_path')
[0.491s] INFO:colcon.colcon_core.plugin_system:Skipping extension 'colcon_core.shell.bat': Not used on non-Windows systems
[0.491s] INFO:colcon.colcon_core.shell:Creating environment hook '/home/sangam/Documents/Acad/sem-4/IRPP/PROJ/install/ros_humans_ros2/share/ros_humans_ros2/hook/ament_prefix_path.ps1'
[0.492s] INFO:colcon.colcon_core.shell:Creating environment descriptor '/home/sangam/Documents/Acad/sem-4/IRPP/PROJ/install/ros_humans_ros2/share/ros_humans_ros2/hook/ament_prefix_path.dsv'
[0.492s] INFO:colcon.colcon_core.shell:Creating environment hook '/home/sangam/Documents/Acad/sem-4/IRPP/PROJ/install/ros_humans_ros2/share/ros_humans_ros2/hook/ament_prefix_path.sh'
[0.493s] INFO:colcon.colcon_core.shell:Skip shell extension 'powershell' for command environment: Not usable outside of PowerShell
[0.493s] DEBUG:colcon.colcon_core.shell:Skip shell extension 'dsv' for command environment
[0.813s] INFO:colcon.colcon_core.task.python.build:Building Python package in '/home/sangam/Documents/Acad/sem-4/IRPP/PROJ/scan_project/human_models/ros_humans_ros2'
[0.813s] INFO:colcon.colcon_core.shell:Skip shell extension 'powershell' for command environment: Not usable outside of PowerShell
[0.813s] DEBUG:colcon.colcon_core.shell:Skip shell extension 'dsv' for command environment
[1.760s] DEBUG:colcon.colcon_core.event_handler.log_command:Invoking command in '/home/sangam/Documents/Acad/sem-4/IRPP/PROJ/scan_project/human_models/ros_humans_ros2': DEBUGINFOD_URLS=https://debuginfod.ubuntu.com PYTHONPATH=/home/sangam/Documents/Acad/sem-4/IRPP/PROJ/build/ros_humans_ros2/prefix_override:/usr/lib/python3/dist-packages/colcon_core/task/python/colcon_distutils_commands:/home/sangam/Documents/Acad/sem-4/IRPP/PROJ/install/ros_humans_ros2/lib/python3.12/site-packages:${PYTHONPATH} /usr/bin/python3 -W ignore:setup.py install is deprecated -W ignore:easy_install command is deprecated setup.py egg_info --egg-base ../../../build/ros_humans_ros2 build --build-base /home/sangam/Documents/Acad/sem-4/IRPP/PROJ/build/ros_humans_ros2/build install --record /home/sangam/Documents/Acad/sem-4/IRPP/PROJ/build/ros_humans_ros2/install.log --single-version-externally-managed install_data
[2.563s] DEBUG:colcon.colcon_core.event_handler.log_command:Invoked command in '/home/sangam/Documents/Acad/sem-4/IRPP/PROJ/scan_project/human_models/ros_humans_ros2' returned '0': DEBUGINFOD_URLS=https://debuginfod.ubuntu.com PYTHONPATH=/home/sangam/Documents/Acad/sem-4/IRPP/PROJ/build/ros_humans_ros2/prefix_override:/usr/lib/python3/dist-packages/colcon_core/task/python/colcon_distutils_commands:/home/sangam/Documents/Acad/sem-4/IRPP/PROJ/install/ros_humans_ros2/lib/python3.12/site-packages:${PYTHONPATH} /usr/bin/python3 -W ignore:setup.py install is deprecated -W ignore:easy_install command is deprecated setup.py egg_info --egg-base ../../../build/ros_humans_ros2 build --build-base /home/sangam/Documents/Acad/sem-4/IRPP/PROJ/build/ros_humans_ros2/build install --record /home/sangam/Documents/Acad/sem-4/IRPP/PROJ/build/ros_humans_ros2/install.log --single-version-externally-managed install_data
[2.571s] Level 1:colcon.colcon_core.environment:checking '/home/sangam/Documents/Acad/sem-4/IRPP/PROJ/install/ros_humans_ros2' for CMake module files
[2.572s] Level 1:colcon.colcon_core.environment:checking '/home/sangam/Documents/Acad/sem-4/IRPP/PROJ/install/ros_humans_ros2' for CMake config files
[2.573s] Level 1:colcon.colcon_core.environment:checking '/home/sangam/Documents/Acad/sem-4/IRPP/PROJ/install/ros_humans_ros2/lib'
[2.574s] Level 1:colcon.colcon_core.environment:checking '/home/sangam/Documents/Acad/sem-4/IRPP/PROJ/install/ros_humans_ros2/bin'
[2.574s] Level 1:colcon.colcon_core.environment:checking '/home/sangam/Documents/Acad/sem-4/IRPP/PROJ/install/ros_humans_ros2/lib/pkgconfig/ros_humans_ros2.pc'
[2.574s] Level 1:colcon.colcon_core.environment:checking '/home/sangam/Documents/Acad/sem-4/IRPP/PROJ/install/ros_humans_ros2/lib/python3.12/site-packages'
[2.575s] Level 1:colcon.colcon_core.shell:create_environment_hook('ros_humans_ros2', 'pythonpath')
[2.575s] INFO:colcon.colcon_core.shell:Creating environment hook '/home/sangam/Documents/Acad/sem-4/IRPP/PROJ/install/ros_humans_ros2/share/ros_humans_ros2/hook/pythonpath.ps1'
[2.576s] INFO:colcon.colcon_core.shell:Creating environment descriptor '/home/sangam/Documents/Acad/sem-4/IRPP/PROJ/install/ros_humans_ros2/share/ros_humans_ros2/hook/pythonpath.dsv'
[2.576s] INFO:colcon.colcon_core.shell:Creating environment hook '/home/sangam/Documents/Acad/sem-4/IRPP/PROJ/install/ros_humans_ros2/share/ros_humans_ros2/hook/pythonpath.sh'
[2.577s] Level 1:colcon.colcon_core.environment:checking '/home/sangam/Documents/Acad/sem-4/IRPP/PROJ/install/ros_humans_ros2/bin'
[2.577s] Level 1:colcon.colcon_core.environment:create_environment_scripts_only(ros_humans_ros2)
[2.578s] INFO:colcon.colcon_core.shell:Creating package script '/home/sangam/Documents/Acad/sem-4/IRPP/PROJ/install/ros_humans_ros2/share/ros_humans_ros2/package.ps1'
[2.579s] INFO:colcon.colcon_core.shell:Creating package descriptor '/home/sangam/Documents/Acad/sem-4/IRPP/PROJ/install/ros_humans_ros2/share/ros_humans_ros2/package.dsv'
[2.581s] INFO:colcon.colcon_core.shell:Creating package script '/home/sangam/Documents/Acad/sem-4/IRPP/PROJ/install/ros_humans_ros2/share/ros_humans_ros2/package.sh'
[2.582s] INFO:colcon.colcon_core.shell:Creating package script '/home/sangam/Documents/Acad/sem-4/IRPP/PROJ/install/ros_humans_ros2/share/ros_humans_ros2/package.bash'
[2.584s] INFO:colcon.colcon_core.shell:Creating package script '/home/sangam/Documents/Acad/sem-4/IRPP/PROJ/install/ros_humans_ros2/share/ros_humans_ros2/package.zsh'
[2.586s] Level 1:colcon.colcon_core.environment:create_file_with_runtime_dependencies(/home/sangam/Documents/Acad/sem-4/IRPP/PROJ/install/ros_humans_ros2/share/colcon-core/packages/ros_humans_ros2)
[2.586s] DEBUG:colcon.colcon_parallel_executor.executor.parallel:closing loop
[2.587s] DEBUG:colcon.colcon_parallel_executor.executor.parallel:loop closed
[2.587s] DEBUG:colcon.colcon_parallel_executor.executor.parallel:run_until_complete finished with '0'
[2.587s] DEBUG:colcon.colcon_core.event_reactor:joining thread
[2.601s] INFO:colcon.colcon_core.plugin_system:Skipping extension 'colcon_notification.desktop_notification.terminal_notifier': Not used on non-Darwin systems
[2.601s] INFO:colcon.colcon_core.plugin_system:Skipping extension 'colcon_notification.desktop_notification.win32': Not used on non-Windows systems
[2.601s] INFO:colcon.colcon_notification.desktop_notification:Sending desktop notification using 'notify2'
[2.631s] DEBUG:colcon.colcon_core.event_reactor:joined thread
[2.632s] INFO:colcon.colcon_core.shell:Creating prefix script '/home/sangam/Documents/Acad/sem-4/IRPP/PROJ/install/local_setup.ps1'
[2.634s] INFO:colcon.colcon_core.shell:Creating prefix util module '/home/sangam/Documents/Acad/sem-4/IRPP/PROJ/install/_local_setup_util_ps1.py'
[2.637s] INFO:colcon.colcon_core.shell:Creating prefix chain script '/home/sangam/Documents/Acad/sem-4/IRPP/PROJ/install/setup.ps1'
[2.639s] INFO:colcon.colcon_core.shell:Creating prefix script '/home/sangam/Documents/Acad/sem-4/IRPP/PROJ/install/local_setup.sh'
[2.640s] INFO:colcon.colcon_core.shell:Creating prefix util module '/home/sangam/Documents/Acad/sem-4/IRPP/PROJ/install/_local_setup_util_sh.py'
[2.641s] INFO:colcon.colcon_core.shell:Creating prefix chain script '/home/sangam/Documents/Acad/sem-4/IRPP/PROJ/install/setup.sh'
[2.642s] INFO:colcon.colcon_core.shell:Creating prefix script '/home/sangam/Documents/Acad/sem-4/IRPP/PROJ/install/local_setup.bash'
[2.643s] INFO:colcon.colcon_core.shell:Creating prefix chain script '/home/sangam/Documents/Acad/sem-4/IRPP/PROJ/install/setup.bash'
[2.645s] INFO:colcon.colcon_core.shell:Creating prefix script '/home/sangam/Documents/Acad/sem-4/IRPP/PROJ/install/local_setup.zsh'
[2.647s] INFO:colcon.colcon_core.shell:Creating prefix chain script '/home/sangam/Documents/Acad/sem-4/IRPP/PROJ/install/setup.zsh'
