running develop
running egg_info
writing ros_humans_ros2.egg-info/PKG-INFO
writing dependency_links to ros_humans_ros2.egg-info/dependency_links.txt
writing entry points to ros_humans_ros2.egg-info/entry_points.txt
writing requirements to ros_humans_ros2.egg-info/requires.txt
writing top-level names to ros_humans_ros2.egg-info/top_level.txt
reading manifest file 'ros_humans_ros2.egg-info/SOURCES.txt'
writing manifest file 'ros_humans_ros2.egg-info/SOURCES.txt'
running build_ext
Creating /home/sangam/Documents/Acad/sem-4/IRPP/PROJ/install/ros_humans_ros2/lib/python3.12/site-packages/ros-humans-ros2.egg-link (link to .)
Installing astar_path_planner script to /home/sangam/Documents/Acad/sem-4/IRPP/PROJ/install/ros_humans_ros2/lib/ros_humans_ros2
Installing camera_view_360 script to /home/sangam/Documents/Acad/sem-4/IRPP/PROJ/install/ros_humans_ros2/lib/ros_humans_ros2
Installing iiit_messy_road_mover script to /home/sangam/Documents/Acad/sem-4/IRPP/PROJ/install/ros_humans_ros2/lib/ros_humans_ros2
Installing messy_road_mover script to /home/sangam/Documents/Acad/sem-4/IRPP/PROJ/install/ros_humans_ros2/lib/ros_humans_ros2
Installing messy_road_pose_publisher script to /home/sangam/Documents/Acad/sem-4/IRPP/PROJ/install/ros_humans_ros2/lib/ros_humans_ros2
Installing move_humans script to /home/sangam/Documents/Acad/sem-4/IRPP/PROJ/install/ros_humans_ros2/lib/ros_humans_ros2
Installing pointcloud_mapper script to /home/sangam/Documents/Acad/sem-4/IRPP/PROJ/install/ros_humans_ros2/lib/ros_humans_ros2
Installing publish_human_pose script to /home/sangam/Documents/Acad/sem-4/IRPP/PROJ/install/ros_humans_ros2/lib/ros_humans_ros2
Installing rover_explorer script to /home/sangam/Documents/Acad/sem-4/IRPP/PROJ/install/ros_humans_ros2/lib/ros_humans_ros2

Installed /home/sangam/Documents/Acad/sem-4/IRPP/PROJ/build/ros_humans_ros2
running symlink_data
symbolically linking /home/sangam/Documents/Acad/sem-4/IRPP/PROJ/build/ros_humans_ros2/resource/ros_humans_ros2 -> /home/sangam/Documents/Acad/sem-4/IRPP/PROJ/install/ros_humans_ros2/share/ament_index/resource_index/packages
symbolically linking /home/sangam/Documents/Acad/sem-4/IRPP/PROJ/build/ros_humans_ros2/package.xml -> /home/sangam/Documents/Acad/sem-4/IRPP/PROJ/install/ros_humans_ros2/share/ros_humans_ros2
symbolically linking /home/sangam/Documents/Acad/sem-4/IRPP/PROJ/build/ros_humans_ros2/launch/demo.launch.py -> /home/sangam/Documents/Acad/sem-4/IRPP/PROJ/install/ros_humans_ros2/share/ros_humans_ros2/launch
symbolically linking /home/sangam/Documents/Acad/sem-4/IRPP/PROJ/build/ros_humans_ros2/launch/messy_road.launch.py -> /home/sangam/Documents/Acad/sem-4/IRPP/PROJ/install/ros_humans_ros2/share/ros_humans_ros2/launch
symbolically linking /home/sangam/Documents/Acad/sem-4/IRPP/PROJ/build/ros_humans_ros2/launch/iiit_messy_road.launch.py -> /home/sangam/Documents/Acad/sem-4/IRPP/PROJ/install/ros_humans_ros2/share/ros_humans_ros2/launch
error: [Errno 2] No such file or directory: '/home/sangam/Documents/Acad/sem-4/IRPP/PROJ/install/ros_humans_ros2/share/ros_humans_ros2/launch/astar_navigation.launch.py'
