running egg_info
writing ../../../build/ros_humans_ros2/ros_humans_ros2.egg-info/PKG-INFO
writing dependency_links to ../../../build/ros_humans_ros2/ros_humans_ros2.egg-info/dependency_links.txt
writing entry points to ../../../build/ros_humans_ros2/ros_humans_ros2.egg-info/entry_points.txt
writing requirements to ../../../build/ros_humans_ros2/ros_humans_ros2.egg-info/requires.txt
writing top-level names to ../../../build/ros_humans_ros2/ros_humans_ros2.egg-info/top_level.txt
reading manifest file '../../../build/ros_humans_ros2/ros_humans_ros2.egg-info/SOURCES.txt'
writing manifest file '../../../build/ros_humans_ros2/ros_humans_ros2.egg-info/SOURCES.txt'
running build
running build_py
copying ros_humans_ros2/iiit_messy_road_mover.py -> /home/sangam/Documents/Acad/sem-4/IRPP/PROJ/build/ros_humans_ros2/build/lib/ros_humans_ros2
running install
running install_lib
copying /home/sangam/Documents/Acad/sem-4/IRPP/PROJ/build/ros_humans_ros2/build/lib/ros_humans_ros2/iiit_messy_road_mover.py -> /home/sangam/Documents/Acad/sem-4/IRPP/PROJ/install/ros_humans_ros2/lib/python3.12/site-packages/ros_humans_ros2
byte-compiling /home/sangam/Documents/Acad/sem-4/IRPP/PROJ/install/ros_humans_ros2/lib/python3.12/site-packages/ros_humans_ros2/iiit_messy_road_mover.py to iiit_messy_road_mover.cpython-312.pyc
running install_data
copying launch/iiit_messy_road.launch.py -> /home/sangam/Documents/Acad/sem-4/IRPP/PROJ/install/ros_humans_ros2/share/ros_humans_ros2/launch
running install_egg_info
removing '/home/sangam/Documents/Acad/sem-4/IRPP/PROJ/install/ros_humans_ros2/lib/python3.12/site-packages/ros_humans_ros2-0.1.0-py3.12.egg-info' (and everything under it)
Copying ../../../build/ros_humans_ros2/ros_humans_ros2.egg-info to /home/sangam/Documents/Acad/sem-4/IRPP/PROJ/install/ros_humans_ros2/lib/python3.12/site-packages/ros_humans_ros2-0.1.0-py3.12.egg-info
running install_scripts
Installing iiit_messy_road_mover script to /home/sangam/Documents/Acad/sem-4/IRPP/PROJ/install/ros_humans_ros2/lib/ros_humans_ros2
Installing messy_road_mover script to /home/sangam/Documents/Acad/sem-4/IRPP/PROJ/install/ros_humans_ros2/lib/ros_humans_ros2
Installing messy_road_pose_publisher script to /home/sangam/Documents/Acad/sem-4/IRPP/PROJ/install/ros_humans_ros2/lib/ros_humans_ros2
Installing move_humans script to /home/sangam/Documents/Acad/sem-4/IRPP/PROJ/install/ros_humans_ros2/lib/ros_humans_ros2
Installing publish_human_pose script to /home/sangam/Documents/Acad/sem-4/IRPP/PROJ/install/ros_humans_ros2/lib/ros_humans_ros2
writing list of installed files to '/home/sangam/Documents/Acad/sem-4/IRPP/PROJ/build/ros_humans_ros2/install.log'
