[1.296s] Invoking command in '/home/sangam/Documents/Acad/sem-4/IRPP/PROJ/build/ros_humans_ros2': DEBUGINFOD_URLS=https://debuginfod.ubuntu.com PYTHONPATH=/home/sangam/Documents/Acad/sem-4/IRPP/PROJ/build/ros_humans_ros2/prefix_override:/usr/lib/python3/dist-packages/colcon_core/task/python/colcon_distutils_commands:/home/sangam/Documents/Acad/sem-4/IRPP/PROJ/install/ros_humans_ros2/lib/python3.12/site-packages:${PYTHONPATH} /usr/bin/python3 -W ignore:setup.py install is deprecated -W ignore:easy_install command is deprecated setup.py develop --editable --build-directory /home/sangam/Documents/Acad/sem-4/IRPP/PROJ/build/ros_humans_ros2/build --no-deps symlink_data
[1.733s] running develop
[1.983s] running egg_info
[2.008s] writing ros_humans_ros2.egg-info/PKG-INFO
[2.009s] writing dependency_links to ros_humans_ros2.egg-info/dependency_links.txt
[2.009s] writing entry points to ros_humans_ros2.egg-info/entry_points.txt
[2.009s] writing requirements to ros_humans_ros2.egg-info/requires.txt
[2.009s] writing top-level names to ros_humans_ros2.egg-info/top_level.txt
[2.072s] reading manifest file 'ros_humans_ros2.egg-info/SOURCES.txt'
[2.074s] writing manifest file 'ros_humans_ros2.egg-info/SOURCES.txt'
[2.110s] running build_ext
[2.110s] Creating /home/sangam/Documents/Acad/sem-4/IRPP/PROJ/install/ros_humans_ros2/lib/python3.12/site-packages/ros-humans-ros2.egg-link (link to .)
[2.114s] Installing astar_path_planner script to /home/sangam/Documents/Acad/sem-4/IRPP/PROJ/install/ros_humans_ros2/lib/ros_humans_ros2
[2.114s] Installing camera_view_360 script to /home/sangam/Documents/Acad/sem-4/IRPP/PROJ/install/ros_humans_ros2/lib/ros_humans_ros2
[2.114s] Installing iiit_messy_road_mover script to /home/sangam/Documents/Acad/sem-4/IRPP/PROJ/install/ros_humans_ros2/lib/ros_humans_ros2
[2.115s] Installing messy_road_mover script to /home/sangam/Documents/Acad/sem-4/IRPP/PROJ/install/ros_humans_ros2/lib/ros_humans_ros2
[2.115s] Installing messy_road_pose_publisher script to /home/sangam/Documents/Acad/sem-4/IRPP/PROJ/install/ros_humans_ros2/lib/ros_humans_ros2
[2.116s] Installing move_humans script to /home/sangam/Documents/Acad/sem-4/IRPP/PROJ/install/ros_humans_ros2/lib/ros_humans_ros2
[2.116s] Installing pointcloud_mapper script to /home/sangam/Documents/Acad/sem-4/IRPP/PROJ/install/ros_humans_ros2/lib/ros_humans_ros2
[2.116s] Installing publish_human_pose script to /home/sangam/Documents/Acad/sem-4/IRPP/PROJ/install/ros_humans_ros2/lib/ros_humans_ros2
[2.116s] Installing rover_explorer script to /home/sangam/Documents/Acad/sem-4/IRPP/PROJ/install/ros_humans_ros2/lib/ros_humans_ros2
[2.117s] 
[2.117s] Installed /home/sangam/Documents/Acad/sem-4/IRPP/PROJ/build/ros_humans_ros2
[2.117s] running symlink_data
[2.183s] Invoked command in '/home/sangam/Documents/Acad/sem-4/IRPP/PROJ/build/ros_humans_ros2' returned '0': DEBUGINFOD_URLS=https://debuginfod.ubuntu.com PYTHONPATH=/home/sangam/Documents/Acad/sem-4/IRPP/PROJ/build/ros_humans_ros2/prefix_override:/usr/lib/python3/dist-packages/colcon_core/task/python/colcon_distutils_commands:/home/sangam/Documents/Acad/sem-4/IRPP/PROJ/install/ros_humans_ros2/lib/python3.12/site-packages:${PYTHONPATH} /usr/bin/python3 -W ignore:setup.py install is deprecated -W ignore:easy_install command is deprecated setup.py develop --editable --build-directory /home/sangam/Documents/Acad/sem-4/IRPP/PROJ/build/ros_humans_ros2/build --no-deps symlink_data
