[0.150s] DEBUG:colcon:Command line arguments: ['/usr/bin/colcon', 'build', '--packages-select', 'ros_humans_ros2', '--symlink-install']
[0.150s] DEBUG:colcon:Parsed command line arguments: Namespace(log_base=None, log_level=None, verb_name='build', build_base='build', install_base='install', merge_install=False, symlink_install=True, test_result_base=None, continue_on_error=False, executor='parallel', parallel_workers=12, event_handlers=None, ignore_user_meta=False, metas=['./colcon.meta'], base_paths=['.'], packages_ignore=None, packages_ignore_regex=None, paths=None, packages_up_to=None, packages_up_to_regex=None, packages_above=None, packages_above_and_dependencies=None, packages_above_depth=None, packages_select_by_dep=None, packages_skip_by_dep=None, packages_skip_up_to=None, packages_select_build_failed=False, packages_skip_build_finished=False, packages_select_test_failures=False, packages_skip_test_passed=False, packages_select=['ros_humans_ros2'], packages_skip=None, packages_select_regex=None, packages_skip_regex=None, packages_start=None, packages_end=None, allow_overriding=[], cmake_args=None, cmake_target=None, cmake_target_skip_unavailable=False, cmake_clean_cache=False, cmake_clean_first=False, cmake_force_configure=False, ament_cmake_args=None, catkin_cmake_args=None, catkin_skip_building_tests=False, mixin_files=None, mixin=None, verb_parser=<colcon_mixin.mixin.mixin_argument.MixinArgumentDecorator object at 0x76f3c808a570>, verb_extension=<colcon_core.verb.build.BuildVerb object at 0x76f3c81b2240>, main=<bound method BuildVerb.main of <colcon_core.verb.build.BuildVerb object at 0x76f3c81b2240>>, mixin_verb=('build',))
[0.213s] Level 1:colcon.colcon_core.package_discovery:discover_packages(colcon_meta) check parameters
[0.213s] Level 1:colcon.colcon_core.package_discovery:discover_packages(recursive) check parameters
[0.213s] Level 1:colcon.colcon_core.package_discovery:discover_packages(ignore) check parameters
[0.213s] Level 1:colcon.colcon_core.package_discovery:discover_packages(path) check parameters
[0.213s] Level 1:colcon.colcon_core.package_discovery:discover_packages(colcon_meta) discover
[0.213s] Level 1:colcon.colcon_core.package_discovery:discover_packages(recursive) discover
[0.214s] INFO:colcon.colcon_core.package_discovery:Crawling recursively for packages in '/home/sangam/Documents/Acad/sem-4/IRPP/PROJ'
[0.214s] Level 1:colcon.colcon_core.package_identification:_identify(.) by extensions ['ignore', 'ignore_ament_install']
[0.214s] Level 1:colcon.colcon_core.package_identification:_identify(.) by extension 'ignore'
[0.214s] Level 1:colcon.colcon_core.package_identification:_identify(.) by extension 'ignore_ament_install'
[0.214s] Level 1:colcon.colcon_core.package_identification:_identify(.) by extensions ['colcon_pkg']
[0.214s] Level 1:colcon.colcon_core.package_identification:_identify(.) by extension 'colcon_pkg'
[0.214s] Level 1:colcon.colcon_core.package_identification:_identify(.) by extensions ['colcon_meta']
[0.214s] Level 1:colcon.colcon_core.package_identification:_identify(.) by extension 'colcon_meta'
[0.214s] Level 1:colcon.colcon_core.package_identification:_identify(.) by extensions ['ros']
[0.214s] Level 1:colcon.colcon_core.package_identification:_identify(.) by extension 'ros'
[0.271s] Level 1:colcon.colcon_core.package_identification:_identify(.) by extensions ['cmake', 'python']
[0.271s] Level 1:colcon.colcon_core.package_identification:_identify(.) by extension 'cmake'
[0.271s] Level 1:colcon.colcon_core.package_identification:_identify(.) by extension 'python'
[0.271s] Level 1:colcon.colcon_core.package_identification:_identify(.) by extensions ['python_setup_py']
[0.271s] Level 1:colcon.colcon_core.package_identification:_identify(.) by extension 'python_setup_py'
[0.271s] Level 1:colcon.colcon_core.package_identification:_identify(build) by extensions ['ignore', 'ignore_ament_install']
[0.271s] Level 1:colcon.colcon_core.package_identification:_identify(build) by extension 'ignore'
[0.272s] Level 1:colcon.colcon_core.package_identification:_identify(build) ignored
[0.272s] Level 1:colcon.colcon_core.package_identification:_identify(install) by extensions ['ignore', 'ignore_ament_install']
[0.272s] Level 1:colcon.colcon_core.package_identification:_identify(install) by extension 'ignore'
[0.272s] Level 1:colcon.colcon_core.package_identification:_identify(install) ignored
[0.272s] Level 1:colcon.colcon_core.package_identification:_identify(log) by extensions ['ignore', 'ignore_ament_install']
[0.272s] Level 1:colcon.colcon_core.package_identification:_identify(log) by extension 'ignore'
[0.272s] Level 1:colcon.colcon_core.package_identification:_identify(log) ignored
[0.273s] Level 1:colcon.colcon_core.package_identification:_identify(scan_project) by extensions ['ignore', 'ignore_ament_install']
[0.273s] Level 1:colcon.colcon_core.package_identification:_identify(scan_project) by extension 'ignore'
[0.273s] Level 1:colcon.colcon_core.package_identification:_identify(scan_project) by extension 'ignore_ament_install'
[0.273s] Level 1:colcon.colcon_core.package_identification:_identify(scan_project) by extensions ['colcon_pkg']
[0.273s] Level 1:colcon.colcon_core.package_identification:_identify(scan_project) by extension 'colcon_pkg'
[0.273s] Level 1:colcon.colcon_core.package_identification:_identify(scan_project) by extensions ['colcon_meta']
[0.273s] Level 1:colcon.colcon_core.package_identification:_identify(scan_project) by extension 'colcon_meta'
[0.273s] Level 1:colcon.colcon_core.package_identification:_identify(scan_project) by extensions ['ros']
[0.273s] Level 1:colcon.colcon_core.package_identification:_identify(scan_project) by extension 'ros'
[0.273s] Level 1:colcon.colcon_core.package_identification:_identify(scan_project) by extensions ['cmake', 'python']
[0.273s] Level 1:colcon.colcon_core.package_identification:_identify(scan_project) by extension 'cmake'
[0.273s] Level 1:colcon.colcon_core.package_identification:_identify(scan_project) by extension 'python'
[0.274s] Level 1:colcon.colcon_core.package_identification:_identify(scan_project) by extensions ['python_setup_py']
[0.274s] Level 1:colcon.colcon_core.package_identification:_identify(scan_project) by extension 'python_setup_py'
[0.274s] Level 1:colcon.colcon_core.package_identification:_identify(scan_project/gazebo_worlds) by extensions ['ignore', 'ignore_ament_install']
[0.274s] Level 1:colcon.colcon_core.package_identification:_identify(scan_project/gazebo_worlds) by extension 'ignore'
[0.274s] Level 1:colcon.colcon_core.package_identification:_identify(scan_project/gazebo_worlds) by extension 'ignore_ament_install'
[0.274s] Level 1:colcon.colcon_core.package_identification:_identify(scan_project/gazebo_worlds) by extensions ['colcon_pkg']
[0.274s] Level 1:colcon.colcon_core.package_identification:_identify(scan_project/gazebo_worlds) by extension 'colcon_pkg'
[0.274s] Level 1:colcon.colcon_core.package_identification:_identify(scan_project/gazebo_worlds) by extensions ['colcon_meta']
[0.274s] Level 1:colcon.colcon_core.package_identification:_identify(scan_project/gazebo_worlds) by extension 'colcon_meta'
[0.274s] Level 1:colcon.colcon_core.package_identification:_identify(scan_project/gazebo_worlds) by extensions ['ros']
[0.275s] Level 1:colcon.colcon_core.package_identification:_identify(scan_project/gazebo_worlds) by extension 'ros'
[0.275s] Level 1:colcon.colcon_core.package_identification:_identify(scan_project/gazebo_worlds) by extensions ['cmake', 'python']
[0.275s] Level 1:colcon.colcon_core.package_identification:_identify(scan_project/gazebo_worlds) by extension 'cmake'
[0.275s] Level 1:colcon.colcon_core.package_identification:_identify(scan_project/gazebo_worlds) by extension 'python'
[0.275s] Level 1:colcon.colcon_core.package_identification:_identify(scan_project/gazebo_worlds) by extensions ['python_setup_py']
[0.275s] Level 1:colcon.colcon_core.package_identification:_identify(scan_project/gazebo_worlds) by extension 'python_setup_py'
[0.275s] Level 1:colcon.colcon_core.package_identification:_identify(scan_project/human_models) by extensions ['ignore', 'ignore_ament_install']
[0.275s] Level 1:colcon.colcon_core.package_identification:_identify(scan_project/human_models) by extension 'ignore'
[0.275s] Level 1:colcon.colcon_core.package_identification:_identify(scan_project/human_models) by extension 'ignore_ament_install'
[0.275s] Level 1:colcon.colcon_core.package_identification:_identify(scan_project/human_models) by extensions ['colcon_pkg']
[0.275s] Level 1:colcon.colcon_core.package_identification:_identify(scan_project/human_models) by extension 'colcon_pkg'
[0.276s] Level 1:colcon.colcon_core.package_identification:_identify(scan_project/human_models) by extensions ['colcon_meta']
[0.276s] Level 1:colcon.colcon_core.package_identification:_identify(scan_project/human_models) by extension 'colcon_meta'
[0.276s] Level 1:colcon.colcon_core.package_identification:_identify(scan_project/human_models) by extensions ['ros']
[0.276s] Level 1:colcon.colcon_core.package_identification:_identify(scan_project/human_models) by extension 'ros'
[0.276s] Level 1:colcon.colcon_core.package_identification:_identify(scan_project/human_models) by extensions ['cmake', 'python']
[0.276s] Level 1:colcon.colcon_core.package_identification:_identify(scan_project/human_models) by extension 'cmake'
[0.276s] Level 1:colcon.colcon_core.package_identification:_identify(scan_project/human_models) by extension 'python'
[0.276s] Level 1:colcon.colcon_core.package_identification:_identify(scan_project/human_models) by extensions ['python_setup_py']
[0.276s] Level 1:colcon.colcon_core.package_identification:_identify(scan_project/human_models) by extension 'python_setup_py'
[0.276s] Level 1:colcon.colcon_core.package_identification:_identify(scan_project/human_models/ros_humans) by extensions ['ignore', 'ignore_ament_install']
[0.276s] Level 1:colcon.colcon_core.package_identification:_identify(scan_project/human_models/ros_humans) by extension 'ignore'
[0.276s] Level 1:colcon.colcon_core.package_identification:_identify(scan_project/human_models/ros_humans) by extension 'ignore_ament_install'
[0.277s] Level 1:colcon.colcon_core.package_identification:_identify(scan_project/human_models/ros_humans) by extensions ['colcon_pkg']
[0.277s] Level 1:colcon.colcon_core.package_identification:_identify(scan_project/human_models/ros_humans) by extension 'colcon_pkg'
[0.277s] Level 1:colcon.colcon_core.package_identification:_identify(scan_project/human_models/ros_humans) by extensions ['colcon_meta']
[0.277s] Level 1:colcon.colcon_core.package_identification:_identify(scan_project/human_models/ros_humans) by extension 'colcon_meta'
[0.277s] Level 1:colcon.colcon_core.package_identification:_identify(scan_project/human_models/ros_humans) by extensions ['ros']
[0.277s] Level 1:colcon.colcon_core.package_identification:_identify(scan_project/human_models/ros_humans) by extension 'ros'
[0.281s] DEBUG:colcon.colcon_core.package_identification:Package 'scan_project/human_models/ros_humans' with type 'ros.catkin' and name 'ros_humans'
[0.282s] Level 1:colcon.colcon_core.package_identification:_identify(scan_project/human_models/ros_humans_ros2) by extensions ['ignore', 'ignore_ament_install']
[0.282s] Level 1:colcon.colcon_core.package_identification:_identify(scan_project/human_models/ros_humans_ros2) by extension 'ignore'
[0.282s] Level 1:colcon.colcon_core.package_identification:_identify(scan_project/human_models/ros_humans_ros2) by extension 'ignore_ament_install'
[0.282s] Level 1:colcon.colcon_core.package_identification:_identify(scan_project/human_models/ros_humans_ros2) by extensions ['colcon_pkg']
[0.282s] Level 1:colcon.colcon_core.package_identification:_identify(scan_project/human_models/ros_humans_ros2) by extension 'colcon_pkg'
[0.282s] Level 1:colcon.colcon_core.package_identification:_identify(scan_project/human_models/ros_humans_ros2) by extensions ['colcon_meta']
[0.282s] Level 1:colcon.colcon_core.package_identification:_identify(scan_project/human_models/ros_humans_ros2) by extension 'colcon_meta'
[0.282s] Level 1:colcon.colcon_core.package_identification:_identify(scan_project/human_models/ros_humans_ros2) by extensions ['ros']
[0.282s] Level 1:colcon.colcon_core.package_identification:_identify(scan_project/human_models/ros_humans_ros2) by extension 'ros'
[0.284s] DEBUG:colcon.colcon_core.package_identification:Package 'scan_project/human_models/ros_humans_ros2' with type 'ros.ament_python' and name 'ros_humans_ros2'
[0.284s] Level 1:colcon.colcon_core.package_discovery:discover_packages(recursive) using defaults
[0.284s] Level 1:colcon.colcon_core.package_discovery:discover_packages(ignore) discover
[0.284s] Level 1:colcon.colcon_core.package_discovery:discover_packages(ignore) using defaults
[0.284s] Level 1:colcon.colcon_core.package_discovery:discover_packages(path) discover
[0.284s] Level 1:colcon.colcon_core.package_discovery:discover_packages(path) using defaults
[0.316s] INFO:colcon.colcon_core.package_selection:Skipping not selected package 'ros_humans' in 'scan_project/human_models/ros_humans'
[0.317s] Level 1:colcon.colcon_core.package_discovery:discover_packages(prefix_path) check parameters
[0.317s] Level 1:colcon.colcon_core.package_discovery:discover_packages(prefix_path) discover
[0.321s] DEBUG:colcon.colcon_installed_package_information.package_discovery:Found 390 installed packages in /opt/ros/jazzy
[0.324s] Level 1:colcon.colcon_core.package_discovery:discover_packages(prefix_path) using defaults
[0.383s] Level 5:colcon.colcon_core.verb:set package 'ros_humans_ros2' build argument 'cmake_args' from command line to 'None'
[0.383s] Level 5:colcon.colcon_core.verb:set package 'ros_humans_ros2' build argument 'cmake_target' from command line to 'None'
[0.384s] Level 5:colcon.colcon_core.verb:set package 'ros_humans_ros2' build argument 'cmake_target_skip_unavailable' from command line to 'False'
[0.384s] Level 5:colcon.colcon_core.verb:set package 'ros_humans_ros2' build argument 'cmake_clean_cache' from command line to 'False'
[0.384s] Level 5:colcon.colcon_core.verb:set package 'ros_humans_ros2' build argument 'cmake_clean_first' from command line to 'False'
[0.384s] Level 5:colcon.colcon_core.verb:set package 'ros_humans_ros2' build argument 'cmake_force_configure' from command line to 'False'
[0.384s] Level 5:colcon.colcon_core.verb:set package 'ros_humans_ros2' build argument 'ament_cmake_args' from command line to 'None'
[0.384s] Level 5:colcon.colcon_core.verb:set package 'ros_humans_ros2' build argument 'catkin_cmake_args' from command line to 'None'
[0.384s] Level 5:colcon.colcon_core.verb:set package 'ros_humans_ros2' build argument 'catkin_skip_building_tests' from command line to 'False'
[0.384s] DEBUG:colcon.colcon_core.verb:Building package 'ros_humans_ros2' with the following arguments: {'ament_cmake_args': None, 'build_base': '/home/sangam/Documents/Acad/sem-4/IRPP/PROJ/build/ros_humans_ros2', 'catkin_cmake_args': None, 'catkin_skip_building_tests': False, 'cmake_args': None, 'cmake_clean_cache': False, 'cmake_clean_first': False, 'cmake_force_configure': False, 'cmake_target': None, 'cmake_target_skip_unavailable': False, 'install_base': '/home/sangam/Documents/Acad/sem-4/IRPP/PROJ/install/ros_humans_ros2', 'merge_install': False, 'path': '/home/sangam/Documents/Acad/sem-4/IRPP/PROJ/scan_project/human_models/ros_humans_ros2', 'symlink_install': True, 'test_result_base': None}
[0.384s] INFO:colcon.colcon_core.executor:Executing jobs using 'parallel' executor
[0.385s] DEBUG:colcon.colcon_parallel_executor.executor.parallel:run_until_complete
[0.385s] INFO:colcon.colcon_ros.task.ament_python.build:Building ROS package in '/home/sangam/Documents/Acad/sem-4/IRPP/PROJ/scan_project/human_models/ros_humans_ros2' with build type 'ament_python'
[0.385s] Level 1:colcon.colcon_core.shell:create_environment_hook('ros_humans_ros2', 'ament_prefix_path')
[0.388s] INFO:colcon.colcon_core.plugin_system:Skipping extension 'colcon_core.shell.bat': Not used on non-Windows systems
[0.388s] INFO:colcon.colcon_core.shell:Creating environment hook '/home/sangam/Documents/Acad/sem-4/IRPP/PROJ/install/ros_humans_ros2/share/ros_humans_ros2/hook/ament_prefix_path.ps1'
[0.389s] INFO:colcon.colcon_core.shell:Creating environment descriptor '/home/sangam/Documents/Acad/sem-4/IRPP/PROJ/install/ros_humans_ros2/share/ros_humans_ros2/hook/ament_prefix_path.dsv'
[0.389s] INFO:colcon.colcon_core.shell:Creating environment hook '/home/sangam/Documents/Acad/sem-4/IRPP/PROJ/install/ros_humans_ros2/share/ros_humans_ros2/hook/ament_prefix_path.sh'
[0.390s] INFO:colcon.colcon_core.shell:Skip shell extension 'powershell' for command environment: Not usable outside of PowerShell
[0.390s] DEBUG:colcon.colcon_core.shell:Skip shell extension 'dsv' for command environment
[0.768s] INFO:colcon.colcon_core.task.python.build:Building Python package in '/home/sangam/Documents/Acad/sem-4/IRPP/PROJ/scan_project/human_models/ros_humans_ros2'
[0.769s] INFO:colcon.colcon_core.shell:Skip shell extension 'powershell' for command environment: Not usable outside of PowerShell
[0.769s] DEBUG:colcon.colcon_core.shell:Skip shell extension 'dsv' for command environment
[1.769s] DEBUG:colcon.colcon_core.event_handler.log_command:Invoking command in '/home/sangam/Documents/Acad/sem-4/IRPP/PROJ/build/ros_humans_ros2': DEBUGINFOD_URLS=https://debuginfod.ubuntu.com PYTHONPATH=/home/sangam/Documents/Acad/sem-4/IRPP/PROJ/build/ros_humans_ros2/prefix_override:/usr/lib/python3/dist-packages/colcon_core/task/python/colcon_distutils_commands:/home/sangam/Documents/Acad/sem-4/IRPP/PROJ/install/ros_humans_ros2/lib/python3.12/site-packages:${PYTHONPATH} /usr/bin/python3 -W ignore:setup.py install is deprecated -W ignore:easy_install command is deprecated setup.py develop --editable --build-directory /home/sangam/Documents/Acad/sem-4/IRPP/PROJ/build/ros_humans_ros2/build --no-deps symlink_data
[2.685s] Level 1:colcon.colcon_core.shell:create_environment_hook('ros_humans_ros2', 'pythonpath_develop')
[2.686s] INFO:colcon.colcon_core.shell:Creating environment hook '/home/sangam/Documents/Acad/sem-4/IRPP/PROJ/build/ros_humans_ros2/share/ros_humans_ros2/hook/pythonpath_develop.ps1'
[2.687s] DEBUG:colcon.colcon_core.event_handler.log_command:Invoked command in '/home/sangam/Documents/Acad/sem-4/IRPP/PROJ/build/ros_humans_ros2' returned '0': DEBUGINFOD_URLS=https://debuginfod.ubuntu.com PYTHONPATH=/home/sangam/Documents/Acad/sem-4/IRPP/PROJ/build/ros_humans_ros2/prefix_override:/usr/lib/python3/dist-packages/colcon_core/task/python/colcon_distutils_commands:/home/sangam/Documents/Acad/sem-4/IRPP/PROJ/install/ros_humans_ros2/lib/python3.12/site-packages:${PYTHONPATH} /usr/bin/python3 -W ignore:setup.py install is deprecated -W ignore:easy_install command is deprecated setup.py develop --editable --build-directory /home/sangam/Documents/Acad/sem-4/IRPP/PROJ/build/ros_humans_ros2/build --no-deps symlink_data
[2.687s] INFO:colcon.colcon_core.shell:Creating environment descriptor '/home/sangam/Documents/Acad/sem-4/IRPP/PROJ/build/ros_humans_ros2/share/ros_humans_ros2/hook/pythonpath_develop.dsv'
[2.688s] INFO:colcon.colcon_core.shell:Creating environment hook '/home/sangam/Documents/Acad/sem-4/IRPP/PROJ/build/ros_humans_ros2/share/ros_humans_ros2/hook/pythonpath_develop.sh'
[2.693s] Level 1:colcon.colcon_core.environment:checking '/home/sangam/Documents/Acad/sem-4/IRPP/PROJ/install/ros_humans_ros2' for CMake module files
[2.694s] Level 1:colcon.colcon_core.environment:checking '/home/sangam/Documents/Acad/sem-4/IRPP/PROJ/install/ros_humans_ros2' for CMake config files
[2.695s] Level 1:colcon.colcon_core.environment:checking '/home/sangam/Documents/Acad/sem-4/IRPP/PROJ/install/ros_humans_ros2/lib'
[2.696s] Level 1:colcon.colcon_core.environment:checking '/home/sangam/Documents/Acad/sem-4/IRPP/PROJ/install/ros_humans_ros2/bin'
[2.696s] Level 1:colcon.colcon_core.environment:checking '/home/sangam/Documents/Acad/sem-4/IRPP/PROJ/install/ros_humans_ros2/lib/pkgconfig/ros_humans_ros2.pc'
[2.697s] Level 1:colcon.colcon_core.environment:checking '/home/sangam/Documents/Acad/sem-4/IRPP/PROJ/install/ros_humans_ros2/lib/python3.12/site-packages'
[2.697s] Level 1:colcon.colcon_core.shell:create_environment_hook('ros_humans_ros2', 'pythonpath')
[2.697s] INFO:colcon.colcon_core.shell:Creating environment hook '/home/sangam/Documents/Acad/sem-4/IRPP/PROJ/install/ros_humans_ros2/share/ros_humans_ros2/hook/pythonpath.ps1'
[2.698s] INFO:colcon.colcon_core.shell:Creating environment descriptor '/home/sangam/Documents/Acad/sem-4/IRPP/PROJ/install/ros_humans_ros2/share/ros_humans_ros2/hook/pythonpath.dsv'
[2.699s] INFO:colcon.colcon_core.shell:Creating environment hook '/home/sangam/Documents/Acad/sem-4/IRPP/PROJ/install/ros_humans_ros2/share/ros_humans_ros2/hook/pythonpath.sh'
[2.700s] Level 1:colcon.colcon_core.environment:checking '/home/sangam/Documents/Acad/sem-4/IRPP/PROJ/install/ros_humans_ros2/bin'
[2.701s] Level 1:colcon.colcon_core.environment:create_environment_scripts_only(ros_humans_ros2)
[2.701s] INFO:colcon.colcon_core.shell:Creating package script '/home/sangam/Documents/Acad/sem-4/IRPP/PROJ/install/ros_humans_ros2/share/ros_humans_ros2/package.ps1'
[2.703s] INFO:colcon.colcon_core.shell:Creating package descriptor '/home/sangam/Documents/Acad/sem-4/IRPP/PROJ/install/ros_humans_ros2/share/ros_humans_ros2/package.dsv'
[2.704s] INFO:colcon.colcon_core.shell:Creating package script '/home/sangam/Documents/Acad/sem-4/IRPP/PROJ/install/ros_humans_ros2/share/ros_humans_ros2/package.sh'
[2.705s] INFO:colcon.colcon_core.shell:Creating package script '/home/sangam/Documents/Acad/sem-4/IRPP/PROJ/install/ros_humans_ros2/share/ros_humans_ros2/package.bash'
[2.706s] INFO:colcon.colcon_core.shell:Creating package script '/home/sangam/Documents/Acad/sem-4/IRPP/PROJ/install/ros_humans_ros2/share/ros_humans_ros2/package.zsh'
[2.706s] Level 1:colcon.colcon_core.environment:create_file_with_runtime_dependencies(/home/sangam/Documents/Acad/sem-4/IRPP/PROJ/install/ros_humans_ros2/share/colcon-core/packages/ros_humans_ros2)
[2.707s] DEBUG:colcon.colcon_parallel_executor.executor.parallel:closing loop
[2.708s] DEBUG:colcon.colcon_parallel_executor.executor.parallel:loop closed
[2.708s] DEBUG:colcon.colcon_parallel_executor.executor.parallel:run_until_complete finished with '0'
[2.708s] DEBUG:colcon.colcon_core.event_reactor:joining thread
[2.718s] INFO:colcon.colcon_core.plugin_system:Skipping extension 'colcon_notification.desktop_notification.terminal_notifier': Not used on non-Darwin systems
[2.718s] INFO:colcon.colcon_core.plugin_system:Skipping extension 'colcon_notification.desktop_notification.win32': Not used on non-Windows systems
[2.718s] INFO:colcon.colcon_notification.desktop_notification:Sending desktop notification using 'notify2'
[2.743s] DEBUG:colcon.colcon_core.event_reactor:joined thread
[2.744s] INFO:colcon.colcon_core.shell:Creating prefix script '/home/sangam/Documents/Acad/sem-4/IRPP/PROJ/install/local_setup.ps1'
[2.746s] INFO:colcon.colcon_core.shell:Creating prefix util module '/home/sangam/Documents/Acad/sem-4/IRPP/PROJ/install/_local_setup_util_ps1.py'
[2.748s] INFO:colcon.colcon_core.shell:Creating prefix chain script '/home/sangam/Documents/Acad/sem-4/IRPP/PROJ/install/setup.ps1'
[2.750s] INFO:colcon.colcon_core.shell:Creating prefix script '/home/sangam/Documents/Acad/sem-4/IRPP/PROJ/install/local_setup.sh'
[2.751s] INFO:colcon.colcon_core.shell:Creating prefix util module '/home/sangam/Documents/Acad/sem-4/IRPP/PROJ/install/_local_setup_util_sh.py'
[2.752s] INFO:colcon.colcon_core.shell:Creating prefix chain script '/home/sangam/Documents/Acad/sem-4/IRPP/PROJ/install/setup.sh'
[2.754s] INFO:colcon.colcon_core.shell:Creating prefix script '/home/sangam/Documents/Acad/sem-4/IRPP/PROJ/install/local_setup.bash'
[2.755s] INFO:colcon.colcon_core.shell:Creating prefix chain script '/home/sangam/Documents/Acad/sem-4/IRPP/PROJ/install/setup.bash'
[2.757s] INFO:colcon.colcon_core.shell:Creating prefix script '/home/sangam/Documents/Acad/sem-4/IRPP/PROJ/install/local_setup.zsh'
[2.758s] INFO:colcon.colcon_core.shell:Creating prefix chain script '/home/sangam/Documents/Acad/sem-4/IRPP/PROJ/install/setup.zsh'
