[1.838s] Invoking command in '/home/sangam/Documents/Acad/sem-4/IRPP/PROJ/scan_project/human_models/ros_humans_ros2': DEBUGINFOD_URLS=https://debuginfod.ubuntu.com PYTHONPATH=/home/sangam/Documents/Acad/sem-4/IRPP/PROJ/build/ros_humans_ros2/prefix_override:/usr/lib/python3/dist-packages/colcon_core/task/python/colcon_distutils_commands:/home/sangam/Documents/Acad/sem-4/IRPP/PROJ/install/ros_humans_ros2/lib/python3.12/site-packages:${PYTHONPATH} /usr/bin/python3 -W ignore:setup.py install is deprecated -W ignore:easy_install command is deprecated setup.py egg_info --egg-base ../../../build/ros_humans_ros2 build --build-base /home/sangam/Documents/Acad/sem-4/IRPP/PROJ/build/ros_humans_ros2/build install --record /home/sangam/Documents/Acad/sem-4/IRPP/PROJ/build/ros_humans_ros2/install.log --single-version-externally-managed install_data
[2.481s] running egg_info
[2.531s] writing ../../../build/ros_humans_ros2/ros_humans_ros2.egg-info/PKG-INFO
[2.531s] writing dependency_links to ../../../build/ros_humans_ros2/ros_humans_ros2.egg-info/dependency_links.txt
[2.532s] writing entry points to ../../../build/ros_humans_ros2/ros_humans_ros2.egg-info/entry_points.txt
[2.532s] writing requirements to ../../../build/ros_humans_ros2/ros_humans_ros2.egg-info/requires.txt
[2.533s] writing top-level names to ../../../build/ros_humans_ros2/ros_humans_ros2.egg-info/top_level.txt
[2.606s] reading manifest file '../../../build/ros_humans_ros2/ros_humans_ros2.egg-info/SOURCES.txt'
[2.609s] writing manifest file '../../../build/ros_humans_ros2/ros_humans_ros2.egg-info/SOURCES.txt'
[2.609s] running build
[2.609s] running build_py
[2.609s] copying ros_humans_ros2/iiit_messy_road_mover.py -> /home/sangam/Documents/Acad/sem-4/IRPP/PROJ/build/ros_humans_ros2/build/lib/ros_humans_ros2
[2.610s] running install
[2.623s] running install_lib
[2.659s] copying /home/sangam/Documents/Acad/sem-4/IRPP/PROJ/build/ros_humans_ros2/build/lib/ros_humans_ros2/iiit_messy_road_mover.py -> /home/sangam/Documents/Acad/sem-4/IRPP/PROJ/install/ros_humans_ros2/lib/python3.12/site-packages/ros_humans_ros2
[2.660s] byte-compiling /home/sangam/Documents/Acad/sem-4/IRPP/PROJ/install/ros_humans_ros2/lib/python3.12/site-packages/ros_humans_ros2/iiit_messy_road_mover.py to iiit_messy_road_mover.cpython-312.pyc
[2.669s] running install_data
[2.669s] running install_egg_info
[2.709s] removing '/home/sangam/Documents/Acad/sem-4/IRPP/PROJ/install/ros_humans_ros2/lib/python3.12/site-packages/ros_humans_ros2-0.1.0-py3.12.egg-info' (and everything under it)
[2.709s] Copying ../../../build/ros_humans_ros2/ros_humans_ros2.egg-info to /home/sangam/Documents/Acad/sem-4/IRPP/PROJ/install/ros_humans_ros2/lib/python3.12/site-packages/ros_humans_ros2-0.1.0-py3.12.egg-info
[2.710s] running install_scripts
[2.945s] Installing iiit_messy_road_mover script to /home/sangam/Documents/Acad/sem-4/IRPP/PROJ/install/ros_humans_ros2/lib/ros_humans_ros2
[2.946s] Installing messy_road_mover script to /home/sangam/Documents/Acad/sem-4/IRPP/PROJ/install/ros_humans_ros2/lib/ros_humans_ros2
[2.946s] Installing messy_road_pose_publisher script to /home/sangam/Documents/Acad/sem-4/IRPP/PROJ/install/ros_humans_ros2/lib/ros_humans_ros2
[2.946s] Installing move_humans script to /home/sangam/Documents/Acad/sem-4/IRPP/PROJ/install/ros_humans_ros2/lib/ros_humans_ros2
[2.946s] Installing publish_human_pose script to /home/sangam/Documents/Acad/sem-4/IRPP/PROJ/install/ros_humans_ros2/lib/ros_humans_ros2
[2.946s] writing list of installed files to '/home/sangam/Documents/Acad/sem-4/IRPP/PROJ/build/ros_humans_ros2/install.log'
[3.002s] Invoked command in '/home/sangam/Documents/Acad/sem-4/IRPP/PROJ/scan_project/human_models/ros_humans_ros2' returned '0': DEBUGINFOD_URLS=https://debuginfod.ubuntu.com PYTHONPATH=/home/sangam/Documents/Acad/sem-4/IRPP/PROJ/build/ros_humans_ros2/prefix_override:/usr/lib/python3/dist-packages/colcon_core/task/python/colcon_distutils_commands:/home/sangam/Documents/Acad/sem-4/IRPP/PROJ/install/ros_humans_ros2/lib/python3.12/site-packages:${PYTHONPATH} /usr/bin/python3 -W ignore:setup.py install is deprecated -W ignore:easy_install command is deprecated setup.py egg_info --egg-base ../../../build/ros_humans_ros2 build --build-base /home/sangam/Documents/Acad/sem-4/IRPP/PROJ/build/ros_humans_ros2/build install --record /home/sangam/Documents/Acad/sem-4/IRPP/PROJ/build/ros_humans_ros2/install.log --single-version-externally-managed install_data
