[1.179s] Invoking command in '/home/sangam/Documents/Acad/sem-4/IRPP/PROJ/build/ros_humans_ros2': DEBUGINFOD_URLS=https://debuginfod.ubuntu.com PYTHONPATH=/home/sangam/Documents/Acad/sem-4/IRPP/PROJ/build/ros_humans_ros2/prefix_override:/usr/lib/python3/dist-packages/colcon_core/task/python/colcon_distutils_commands:/home/sangam/Documents/Acad/sem-4/IRPP/PROJ/install/ros_humans_ros2/lib/python3.12/site-packages:${PYTHONPATH} /usr/bin/python3 -W ignore:setup.py install is deprecated -W ignore:easy_install command is deprecated setup.py develop --editable --build-directory /home/sangam/Documents/Acad/sem-4/IRPP/PROJ/build/ros_humans_ros2/build --no-deps symlink_data
[1.600s] running develop
[1.846s] running egg_info
[1.870s] writing ros_humans_ros2.egg-info/PKG-INFO
[1.871s] writing dependency_links to ros_humans_ros2.egg-info/dependency_links.txt
[1.871s] writing entry points to ros_humans_ros2.egg-info/entry_points.txt
[1.871s] writing requirements to ros_humans_ros2.egg-info/requires.txt
[1.871s] writing top-level names to ros_humans_ros2.egg-info/top_level.txt
[1.939s] reading manifest file 'ros_humans_ros2.egg-info/SOURCES.txt'
[1.942s] writing manifest file 'ros_humans_ros2.egg-info/SOURCES.txt'
[1.981s] running build_ext
[1.981s] Creating /home/sangam/Documents/Acad/sem-4/IRPP/PROJ/install/ros_humans_ros2/lib/python3.12/site-packages/ros-humans-ros2.egg-link (link to .)
[1.984s] Installing astar_path_planner script to /home/sangam/Documents/Acad/sem-4/IRPP/PROJ/install/ros_humans_ros2/lib/ros_humans_ros2
[1.985s] Installing camera_view_360 script to /home/sangam/Documents/Acad/sem-4/IRPP/PROJ/install/ros_humans_ros2/lib/ros_humans_ros2
[1.985s] Installing iiit_messy_road_mover script to /home/sangam/Documents/Acad/sem-4/IRPP/PROJ/install/ros_humans_ros2/lib/ros_humans_ros2
[1.985s] Installing messy_road_mover script to /home/sangam/Documents/Acad/sem-4/IRPP/PROJ/install/ros_humans_ros2/lib/ros_humans_ros2
[1.985s] Installing messy_road_pose_publisher script to /home/sangam/Documents/Acad/sem-4/IRPP/PROJ/install/ros_humans_ros2/lib/ros_humans_ros2
[1.986s] Installing move_humans script to /home/sangam/Documents/Acad/sem-4/IRPP/PROJ/install/ros_humans_ros2/lib/ros_humans_ros2
[1.986s] Installing pointcloud_mapper script to /home/sangam/Documents/Acad/sem-4/IRPP/PROJ/install/ros_humans_ros2/lib/ros_humans_ros2
[1.986s] Installing publish_human_pose script to /home/sangam/Documents/Acad/sem-4/IRPP/PROJ/install/ros_humans_ros2/lib/ros_humans_ros2
[1.986s] Installing rover_explorer script to /home/sangam/Documents/Acad/sem-4/IRPP/PROJ/install/ros_humans_ros2/lib/ros_humans_ros2
[1.986s] 
[1.987s] Installed /home/sangam/Documents/Acad/sem-4/IRPP/PROJ/build/ros_humans_ros2
[1.987s] running symlink_data
[2.050s] Invoked command in '/home/sangam/Documents/Acad/sem-4/IRPP/PROJ/build/ros_humans_ros2' returned '0': DEBUGINFOD_URLS=https://debuginfod.ubuntu.com PYTHONPATH=/home/sangam/Documents/Acad/sem-4/IRPP/PROJ/build/ros_humans_ros2/prefix_override:/usr/lib/python3/dist-packages/colcon_core/task/python/colcon_distutils_commands:/home/sangam/Documents/Acad/sem-4/IRPP/PROJ/install/ros_humans_ros2/lib/python3.12/site-packages:${PYTHONPATH} /usr/bin/python3 -W ignore:setup.py install is deprecated -W ignore:easy_install command is deprecated setup.py develop --editable --build-directory /home/sangam/Documents/Acad/sem-4/IRPP/PROJ/build/ros_humans_ros2/build --no-deps symlink_data
