[1.812s] Invoking command in '/home/sangam/Documents/Acad/sem-4/IRPP/PROJ/scan_project/human_models/ros_humans_ros2': DEBUGINFOD_URLS=https://debuginfod.ubuntu.com PYTHONPATH=/home/sangam/Documents/Acad/sem-4/IRPP/PROJ/build/ros_humans_ros2/prefix_override:/usr/lib/python3/dist-packages/colcon_core/task/python/colcon_distutils_commands:/home/sangam/Documents/Acad/sem-4/IRPP/PROJ/install/ros_humans_ros2/lib/python3.12/site-packages:${PYTHONPATH} /usr/bin/python3 -W ignore:setup.py install is deprecated -W ignore:easy_install command is deprecated setup.py egg_info --egg-base ../../../build/ros_humans_ros2 build --build-base /home/sangam/Documents/Acad/sem-4/IRPP/PROJ/build/ros_humans_ros2/build install --record /home/sangam/Documents/Acad/sem-4/IRPP/PROJ/build/ros_humans_ros2/install.log --single-version-externally-managed install_data
[2.214s] running egg_info
[2.215s] creating ../../../build/ros_humans_ros2/ros_humans_ros2.egg-info
[2.244s] writing ../../../build/ros_humans_ros2/ros_humans_ros2.egg-info/PKG-INFO
[2.245s] writing dependency_links to ../../../build/ros_humans_ros2/ros_humans_ros2.egg-info/dependency_links.txt
[2.246s] writing entry points to ../../../build/ros_humans_ros2/ros_humans_ros2.egg-info/entry_points.txt
[2.246s] writing requirements to ../../../build/ros_humans_ros2/ros_humans_ros2.egg-info/requires.txt
[2.246s] writing top-level names to ../../../build/ros_humans_ros2/ros_humans_ros2.egg-info/top_level.txt
[2.246s] writing manifest file '../../../build/ros_humans_ros2/ros_humans_ros2.egg-info/SOURCES.txt'
[2.295s] reading manifest file '../../../build/ros_humans_ros2/ros_humans_ros2.egg-info/SOURCES.txt'
[2.296s] writing manifest file '../../../build/ros_humans_ros2/ros_humans_ros2.egg-info/SOURCES.txt'
[2.296s] running build
[2.296s] running build_py
[2.296s] creating /home/sangam/Documents/Acad/sem-4/IRPP/PROJ/build/ros_humans_ros2/build
[2.297s] creating /home/sangam/Documents/Acad/sem-4/IRPP/PROJ/build/ros_humans_ros2/build/lib
[2.297s] creating /home/sangam/Documents/Acad/sem-4/IRPP/PROJ/build/ros_humans_ros2/build/lib/ros_humans_ros2
[2.297s] copying ros_humans_ros2/__init__.py -> /home/sangam/Documents/Acad/sem-4/IRPP/PROJ/build/ros_humans_ros2/build/lib/ros_humans_ros2
[2.297s] copying ros_humans_ros2/messy_road_mover.py -> /home/sangam/Documents/Acad/sem-4/IRPP/PROJ/build/ros_humans_ros2/build/lib/ros_humans_ros2
[2.308s] copying ros_humans_ros2/move_humans.py -> /home/sangam/Documents/Acad/sem-4/IRPP/PROJ/build/ros_humans_ros2/build/lib/ros_humans_ros2
[2.309s] copying ros_humans_ros2/publish_human_pose.py -> /home/sangam/Documents/Acad/sem-4/IRPP/PROJ/build/ros_humans_ros2/build/lib/ros_humans_ros2
[2.309s] copying ros_humans_ros2/messy_road_pose_publisher.py -> /home/sangam/Documents/Acad/sem-4/IRPP/PROJ/build/ros_humans_ros2/build/lib/ros_humans_ros2
[2.309s] running install
[2.318s] running install_lib
[2.351s] creating /home/sangam/Documents/Acad/sem-4/IRPP/PROJ/install/ros_humans_ros2/lib/python3.12/site-packages/ros_humans_ros2
[2.351s] copying /home/sangam/Documents/Acad/sem-4/IRPP/PROJ/build/ros_humans_ros2/build/lib/ros_humans_ros2/__init__.py -> /home/sangam/Documents/Acad/sem-4/IRPP/PROJ/install/ros_humans_ros2/lib/python3.12/site-packages/ros_humans_ros2
[2.351s] copying /home/sangam/Documents/Acad/sem-4/IRPP/PROJ/build/ros_humans_ros2/build/lib/ros_humans_ros2/messy_road_mover.py -> /home/sangam/Documents/Acad/sem-4/IRPP/PROJ/install/ros_humans_ros2/lib/python3.12/site-packages/ros_humans_ros2
[2.351s] copying /home/sangam/Documents/Acad/sem-4/IRPP/PROJ/build/ros_humans_ros2/build/lib/ros_humans_ros2/move_humans.py -> /home/sangam/Documents/Acad/sem-4/IRPP/PROJ/install/ros_humans_ros2/lib/python3.12/site-packages/ros_humans_ros2
[2.351s] copying /home/sangam/Documents/Acad/sem-4/IRPP/PROJ/build/ros_humans_ros2/build/lib/ros_humans_ros2/publish_human_pose.py -> /home/sangam/Documents/Acad/sem-4/IRPP/PROJ/install/ros_humans_ros2/lib/python3.12/site-packages/ros_humans_ros2
[2.352s] copying /home/sangam/Documents/Acad/sem-4/IRPP/PROJ/build/ros_humans_ros2/build/lib/ros_humans_ros2/messy_road_pose_publisher.py -> /home/sangam/Documents/Acad/sem-4/IRPP/PROJ/install/ros_humans_ros2/lib/python3.12/site-packages/ros_humans_ros2
[2.352s] byte-compiling /home/sangam/Documents/Acad/sem-4/IRPP/PROJ/install/ros_humans_ros2/lib/python3.12/site-packages/ros_humans_ros2/__init__.py to __init__.cpython-312.pyc
[2.352s] byte-compiling /home/sangam/Documents/Acad/sem-4/IRPP/PROJ/install/ros_humans_ros2/lib/python3.12/site-packages/ros_humans_ros2/messy_road_mover.py to messy_road_mover.cpython-312.pyc
[2.358s] byte-compiling /home/sangam/Documents/Acad/sem-4/IRPP/PROJ/install/ros_humans_ros2/lib/python3.12/site-packages/ros_humans_ros2/move_humans.py to move_humans.cpython-312.pyc
[2.360s] byte-compiling /home/sangam/Documents/Acad/sem-4/IRPP/PROJ/install/ros_humans_ros2/lib/python3.12/site-packages/ros_humans_ros2/publish_human_pose.py to publish_human_pose.cpython-312.pyc
[2.361s] byte-compiling /home/sangam/Documents/Acad/sem-4/IRPP/PROJ/install/ros_humans_ros2/lib/python3.12/site-packages/ros_humans_ros2/messy_road_pose_publisher.py to messy_road_pose_publisher.cpython-312.pyc
[2.363s] running install_data
[2.364s] creating /home/sangam/Documents/Acad/sem-4/IRPP/PROJ/install/ros_humans_ros2/share/ament_index
[2.364s] creating /home/sangam/Documents/Acad/sem-4/IRPP/PROJ/install/ros_humans_ros2/share/ament_index/resource_index
[2.364s] creating /home/sangam/Documents/Acad/sem-4/IRPP/PROJ/install/ros_humans_ros2/share/ament_index/resource_index/packages
[2.364s] copying resource/ros_humans_ros2 -> /home/sangam/Documents/Acad/sem-4/IRPP/PROJ/install/ros_humans_ros2/share/ament_index/resource_index/packages
[2.365s] copying package.xml -> /home/sangam/Documents/Acad/sem-4/IRPP/PROJ/install/ros_humans_ros2/share/ros_humans_ros2
[2.365s] creating /home/sangam/Documents/Acad/sem-4/IRPP/PROJ/install/ros_humans_ros2/share/ros_humans_ros2/launch
[2.365s] copying launch/demo.launch.py -> /home/sangam/Documents/Acad/sem-4/IRPP/PROJ/install/ros_humans_ros2/share/ros_humans_ros2/launch
[2.365s] copying launch/messy_road.launch.py -> /home/sangam/Documents/Acad/sem-4/IRPP/PROJ/install/ros_humans_ros2/share/ros_humans_ros2/launch
[2.366s] running install_egg_info
[2.402s] Copying ../../../build/ros_humans_ros2/ros_humans_ros2.egg-info to /home/sangam/Documents/Acad/sem-4/IRPP/PROJ/install/ros_humans_ros2/lib/python3.12/site-packages/ros_humans_ros2-0.1.0-py3.12.egg-info
[2.404s] running install_scripts
[2.604s] Installing messy_road_mover script to /home/sangam/Documents/Acad/sem-4/IRPP/PROJ/install/ros_humans_ros2/lib/ros_humans_ros2
[2.604s] Installing messy_road_pose_publisher script to /home/sangam/Documents/Acad/sem-4/IRPP/PROJ/install/ros_humans_ros2/lib/ros_humans_ros2
[2.604s] Installing move_humans script to /home/sangam/Documents/Acad/sem-4/IRPP/PROJ/install/ros_humans_ros2/lib/ros_humans_ros2
[2.604s] Installing publish_human_pose script to /home/sangam/Documents/Acad/sem-4/IRPP/PROJ/install/ros_humans_ros2/lib/ros_humans_ros2
[2.605s] writing list of installed files to '/home/sangam/Documents/Acad/sem-4/IRPP/PROJ/build/ros_humans_ros2/install.log'
[2.664s] Invoked command in '/home/sangam/Documents/Acad/sem-4/IRPP/PROJ/scan_project/human_models/ros_humans_ros2' returned '0': DEBUGINFOD_URLS=https://debuginfod.ubuntu.com PYTHONPATH=/home/sangam/Documents/Acad/sem-4/IRPP/PROJ/build/ros_humans_ros2/prefix_override:/usr/lib/python3/dist-packages/colcon_core/task/python/colcon_distutils_commands:/home/sangam/Documents/Acad/sem-4/IRPP/PROJ/install/ros_humans_ros2/lib/python3.12/site-packages:${PYTHONPATH} /usr/bin/python3 -W ignore:setup.py install is deprecated -W ignore:easy_install command is deprecated setup.py egg_info --egg-base ../../../build/ros_humans_ros2 build --build-base /home/sangam/Documents/Acad/sem-4/IRPP/PROJ/build/ros_humans_ros2/build install --record /home/sangam/Documents/Acad/sem-4/IRPP/PROJ/build/ros_humans_ros2/install.log --single-version-externally-managed install_data
