[1.271s] Invoking command in '/home/sangam/Documents/Acad/sem-4/IRPP/PROJ/scan_project/human_models/ros_humans_ros2': DEBUGINFOD_URLS=https://debuginfod.ubuntu.com PYTHONPATH=/home/sangam/Documents/Acad/sem-4/IRPP/PROJ/build/ros_humans_ros2/prefix_override:/usr/lib/python3/dist-packages/colcon_core/task/python/colcon_distutils_commands:/home/sangam/Documents/Acad/sem-4/IRPP/PROJ/install/ros_humans_ros2/lib/python3.12/site-packages:${PYTHONPATH} /usr/bin/python3 -W ignore:setup.py install is deprecated -W ignore:easy_install command is deprecated setup.py egg_info --egg-base ../../../build/ros_humans_ros2 build --build-base /home/sangam/Documents/Acad/sem-4/IRPP/PROJ/build/ros_humans_ros2/build install --record /home/sangam/Documents/Acad/sem-4/IRPP/PROJ/build/ros_humans_ros2/install.log --single-version-externally-managed install_data
[1.653s] running egg_info
[1.676s] writing ../../../build/ros_humans_ros2/ros_humans_ros2.egg-info/PKG-INFO
[1.676s] writing dependency_links to ../../../build/ros_humans_ros2/ros_humans_ros2.egg-info/dependency_links.txt
[1.677s] writing entry points to ../../../build/ros_humans_ros2/ros_humans_ros2.egg-info/entry_points.txt
[1.677s] writing requirements to ../../../build/ros_humans_ros2/ros_humans_ros2.egg-info/requires.txt
[1.677s] writing top-level names to ../../../build/ros_humans_ros2/ros_humans_ros2.egg-info/top_level.txt
[1.724s] reading manifest file '../../../build/ros_humans_ros2/ros_humans_ros2.egg-info/SOURCES.txt'
[1.727s] writing manifest file '../../../build/ros_humans_ros2/ros_humans_ros2.egg-info/SOURCES.txt'
[1.727s] running build
[1.727s] running build_py
[1.727s] running install
[1.736s] running install_lib
[1.760s] running install_data
[1.760s] copying launch/messy_road.launch.py -> /home/sangam/Documents/Acad/sem-4/IRPP/PROJ/install/ros_humans_ros2/share/ros_humans_ros2/launch
[1.760s] running install_egg_info
[1.786s] removing '/home/sangam/Documents/Acad/sem-4/IRPP/PROJ/install/ros_humans_ros2/lib/python3.12/site-packages/ros_humans_ros2-0.1.0-py3.12.egg-info' (and everything under it)
[1.786s] Copying ../../../build/ros_humans_ros2/ros_humans_ros2.egg-info to /home/sangam/Documents/Acad/sem-4/IRPP/PROJ/install/ros_humans_ros2/lib/python3.12/site-packages/ros_humans_ros2-0.1.0-py3.12.egg-info
[1.787s] running install_scripts
[2.021s] Installing messy_road_mover script to /home/sangam/Documents/Acad/sem-4/IRPP/PROJ/install/ros_humans_ros2/lib/ros_humans_ros2
[2.022s] Installing messy_road_pose_publisher script to /home/sangam/Documents/Acad/sem-4/IRPP/PROJ/install/ros_humans_ros2/lib/ros_humans_ros2
[2.022s] Installing move_humans script to /home/sangam/Documents/Acad/sem-4/IRPP/PROJ/install/ros_humans_ros2/lib/ros_humans_ros2
[2.023s] Installing publish_human_pose script to /home/sangam/Documents/Acad/sem-4/IRPP/PROJ/install/ros_humans_ros2/lib/ros_humans_ros2
[2.023s] writing list of installed files to '/home/sangam/Documents/Acad/sem-4/IRPP/PROJ/build/ros_humans_ros2/install.log'
[2.074s] Invoked command in '/home/sangam/Documents/Acad/sem-4/IRPP/PROJ/scan_project/human_models/ros_humans_ros2' returned '0': DEBUGINFOD_URLS=https://debuginfod.ubuntu.com PYTHONPATH=/home/sangam/Documents/Acad/sem-4/IRPP/PROJ/build/ros_humans_ros2/prefix_override:/usr/lib/python3/dist-packages/colcon_core/task/python/colcon_distutils_commands:/home/sangam/Documents/Acad/sem-4/IRPP/PROJ/install/ros_humans_ros2/lib/python3.12/site-packages:${PYTHONPATH} /usr/bin/python3 -W ignore:setup.py install is deprecated -W ignore:easy_install command is deprecated setup.py egg_info --egg-base ../../../build/ros_humans_ros2 build --build-base /home/sangam/Documents/Acad/sem-4/IRPP/PROJ/build/ros_humans_ros2/build install --record /home/sangam/Documents/Acad/sem-4/IRPP/PROJ/build/ros_humans_ros2/install.log --single-version-externally-managed install_data
