[3.545s] Invoking command in '/home/sangam/Documents/Acad/sem-4/IRPP/PROJ/scan_project/human_models/ros_humans_ros2': DEBUGINFOD_URLS=https://debuginfod.ubuntu.com PYTHONPATH=/home/sangam/Documents/Acad/sem-4/IRPP/PROJ/build/ros_humans_ros2/prefix_override:/usr/lib/python3/dist-packages/colcon_core/task/python/colcon_distutils_commands:/home/sangam/Documents/Acad/sem-4/IRPP/PROJ/install/ros_humans_ros2/lib/python3.12/site-packages:${PYTHONPATH} /usr/bin/python3 -W ignore:setup.py install is deprecated -W ignore:easy_install command is deprecated setup.py egg_info --egg-base ../../../build/ros_humans_ros2 build --build-base /home/sangam/Documents/Acad/sem-4/IRPP/PROJ/build/ros_humans_ros2/build install --record /home/sangam/Documents/Acad/sem-4/IRPP/PROJ/build/ros_humans_ros2/install.log --single-version-externally-managed install_data
[4.458s] running egg_info
[4.526s] writing ../../../build/ros_humans_ros2/ros_humans_ros2.egg-info/PKG-INFO
[4.527s] writing dependency_links to ../../../build/ros_humans_ros2/ros_humans_ros2.egg-info/dependency_links.txt
[4.528s] writing entry points to ../../../build/ros_humans_ros2/ros_humans_ros2.egg-info/entry_points.txt
[4.528s] writing requirements to ../../../build/ros_humans_ros2/ros_humans_ros2.egg-info/requires.txt
[4.529s] writing top-level names to ../../../build/ros_humans_ros2/ros_humans_ros2.egg-info/top_level.txt
[4.654s] reading manifest file '../../../build/ros_humans_ros2/ros_humans_ros2.egg-info/SOURCES.txt'
[4.665s] writing manifest file '../../../build/ros_humans_ros2/ros_humans_ros2.egg-info/SOURCES.txt'
[4.666s] running build
[4.667s] running build_py
[4.668s] copying ros_humans_ros2/iiit_messy_road_mover.py -> /home/sangam/Documents/Acad/sem-4/IRPP/PROJ/build/ros_humans_ros2/build/lib/ros_humans_ros2
[4.669s] running install
[4.690s] running install_lib
[4.751s] copying /home/sangam/Documents/Acad/sem-4/IRPP/PROJ/build/ros_humans_ros2/build/lib/ros_humans_ros2/iiit_messy_road_mover.py -> /home/sangam/Documents/Acad/sem-4/IRPP/PROJ/install/ros_humans_ros2/lib/python3.12/site-packages/ros_humans_ros2
[4.753s] byte-compiling /home/sangam/Documents/Acad/sem-4/IRPP/PROJ/install/ros_humans_ros2/lib/python3.12/site-packages/ros_humans_ros2/iiit_messy_road_mover.py to iiit_messy_road_mover.cpython-312.pyc
[4.761s] running install_data
[4.761s] running install_egg_info
[4.828s] removing '/home/sangam/Documents/Acad/sem-4/IRPP/PROJ/install/ros_humans_ros2/lib/python3.12/site-packages/ros_humans_ros2-0.1.0-py3.12.egg-info' (and everything under it)
[4.830s] Copying ../../../build/ros_humans_ros2/ros_humans_ros2.egg-info to /home/sangam/Documents/Acad/sem-4/IRPP/PROJ/install/ros_humans_ros2/lib/python3.12/site-packages/ros_humans_ros2-0.1.0-py3.12.egg-info
[4.832s] running install_scripts
[5.251s] Installing iiit_messy_road_mover script to /home/sangam/Documents/Acad/sem-4/IRPP/PROJ/install/ros_humans_ros2/lib/ros_humans_ros2
[5.252s] Installing messy_road_mover script to /home/sangam/Documents/Acad/sem-4/IRPP/PROJ/install/ros_humans_ros2/lib/ros_humans_ros2
[5.253s] Installing messy_road_pose_publisher script to /home/sangam/Documents/Acad/sem-4/IRPP/PROJ/install/ros_humans_ros2/lib/ros_humans_ros2
[5.253s] Installing move_humans script to /home/sangam/Documents/Acad/sem-4/IRPP/PROJ/install/ros_humans_ros2/lib/ros_humans_ros2
[5.254s] Installing publish_human_pose script to /home/sangam/Documents/Acad/sem-4/IRPP/PROJ/install/ros_humans_ros2/lib/ros_humans_ros2
[5.255s] writing list of installed files to '/home/sangam/Documents/Acad/sem-4/IRPP/PROJ/build/ros_humans_ros2/install.log'
[5.378s] Invoked command in '/home/sangam/Documents/Acad/sem-4/IRPP/PROJ/scan_project/human_models/ros_humans_ros2' returned '0': DEBUGINFOD_URLS=https://debuginfod.ubuntu.com PYTHONPATH=/home/sangam/Documents/Acad/sem-4/IRPP/PROJ/build/ros_humans_ros2/prefix_override:/usr/lib/python3/dist-packages/colcon_core/task/python/colcon_distutils_commands:/home/sangam/Documents/Acad/sem-4/IRPP/PROJ/install/ros_humans_ros2/lib/python3.12/site-packages:${PYTHONPATH} /usr/bin/python3 -W ignore:setup.py install is deprecated -W ignore:easy_install command is deprecated setup.py egg_info --egg-base ../../../build/ros_humans_ros2 build --build-base /home/sangam/Documents/Acad/sem-4/IRPP/PROJ/build/ros_humans_ros2/build install --record /home/sangam/Documents/Acad/sem-4/IRPP/PROJ/build/ros_humans_ros2/install.log --single-version-externally-managed install_data
